[backblue.gif]
[fade.gif]
[index.html]
[www.cs.uu.nl/docs/vakken/maa/current/maa.ico]
[www.cs.uu.nl/docs/vakken/maa/current/index.html]
[www.cs.uu.nl/docs/vakken/maa/current/js/jquery.jslatex.js]
[www.cs.uu.nl/docs/vakken/maa/current/toc.html]
[www.cs.uu.nl/docs/vakken/maa/current/uscki/2021/ProgrammaboekjeSympo2021.jpg]
[www.cs.uu.nl/docs/vakken/maa/current/uscki/2021/PromoVideoSympo2021.mp4]
[www.cs.uu.nl/docs/vakken/maa/current/news.html]
[www.cs.uu.nl/docs/vakken/maa/current/maa.css]
[www.cs.uu.nl/docs/vakken/maa/current/explain_daydiff.html]
[www.cs.uu.nl/docs/vakken/maa/current/schedule.html]
[www.cs.uu.nl/docs/vakken/maa/current/topics.html]
[www.cs.uu.nl/docs/vakken/maa/current/diagram.html]
[www.cs.uu.nl/docs/vakken/maa/current/diagram.png]
[www.cs.uu.nl/docs/vakken/maa/current/links.html]
[www.cs.uu.nl/docs/vakken/maa/current/netlogo.html]
[www.cs.uu.nl/docs/vakken/maa/current/stuff/Demos_Netlogo_v6.0.4.zip]
[www.cs.uu.nl/docs/vakken/maa/current/exams/MAL_exam_2016_17_1.pdf]
[www.cs.uu.nl/docs/vakken/maa/current/exams/MAL_exam_2016_17_2.pdf]
[www.cs.uu.nl/docs/vakken/maa/current/exams/MAL_exam_2017_18_1.pdf]
[www.cs.uu.nl/docs/vakken/maa/current/exams/MAL_exam_2017_18_2.pdf]
[www.cs.uu.nl/docs/vakken/maa/current/exams/MAL_exam_2017_18_3.pdf]
[www.cs.uu.nl/docs/vakken/maa/current/exams/MAL_exam_2018_19_1.pdf]
[www.cs.uu.nl/docs/vakken/maa/current/exams/MAL_exam_2018_19_2.pdf]
[www.cs.uu.nl/docs/vakken/maa/current/exams/MAL_exam_2018_19_3.pdf]
[www.cs.uu.nl/docs/vakken/maa/current/exams/MAL_exam_2020_21_1.pdf]
[www.cs.uu.nl/docs/vakken/maa/current/exams.html]
[www.cs.uu.nl/docs/vakken/maa/current/uscki/2021/PromoVideoSympo2021.mp4]
[www.cs.uu.nl/docs/vakken/maa/current/netlogo/6.0.1/Bayesian play.nlogo]
[www.cs.uu.nl/docs/vakken/maa/current/netlogo/6.0.1/Beta distribution (and an example of Bayesian updating with the Beta).nlogo]
[www.cs.uu.nl/docs/vakken/maa/current/netlogo/6.0.1/Comparison of reinforcement algorithms.nlogo]
[www.cs.uu.nl/docs/vakken/maa/current/netlogo/6.0.1/ConditionalNoRegret.nlogo]
[www.cs.uu.nl/docs/vakken/maa/current/netlogo/6.0.1/CournotDynamics.nlogo]
[www.cs.uu.nl/docs/vakken/maa/current/netlogo/6.0.1/EmergenceOfCities.nlogo]
[www.cs.uu.nl/docs/vakken/maa/current/netlogo/6.0.1/Fictitious Play on a 3x3 Matrix.nlogo]
[www.cs.uu.nl/docs/vakken/maa/current/netlogo/6.0.1/Fictitious play on a game in normal form.nlogo]
[www.cs.uu.nl/docs/vakken/maa/current/netlogo/6.0.1/ForecastingandCalibrationFosters.nlogo]
[www.cs.uu.nl/docs/vakken/maa/current/netlogo/6.0.1/Gradient Learning in a Game.nlogo]
[www.cs.uu.nl/docs/vakken/maa/current/netlogo/6.0.1/Gradient fictitious play.nlogo]
[www.cs.uu.nl/docs/vakken/maa/current/netlogo/6.0.1/GradientDynamics.nlogo]
[www.cs.uu.nl/docs/vakken/maa/current/netlogo/6.0.1/HuntingBugs.nlogo]
[www.cs.uu.nl/docs/vakken/maa/current/netlogo/6.0.1/HypothesisTesting.nlogo]
[www.cs.uu.nl/docs/vakken/maa/current/netlogo/6.0.1/LearningRate.nlogo]
[www.cs.uu.nl/docs/vakken/maa/current/netlogo/6.0.1/MultiArmedBandit.nlogo]
[www.cs.uu.nl/docs/vakken/maa/current/netlogo/6.0.1/NoRegretLearning.nlogo]
[www.cs.uu.nl/docs/vakken/maa/current/netlogo/6.0.1/PD Axelrod Tournament - Evolutionary (w. Nash).nlogo]
[www.cs.uu.nl/docs/vakken/maa/current/netlogo/6.0.1/PDNowakMaySpatial.nlogo]
[www.cs.uu.nl/docs/vakken/maa/current/netlogo/6.0.1/PhysarumPolycephalum.nlogo]
[www.cs.uu.nl/docs/vakken/maa/current/netlogo/6.0.1/Prisoner's dilemma feasible payoffs.nlogo]
[www.cs.uu.nl/docs/vakken/maa/current/netlogo/6.0.1/Q-learning, replicator dynamic, fictitious play in a two-person matrix game.nlogo]
[www.cs.uu.nl/docs/vakken/maa/current/netlogo/6.0.1/RepeatedGameAgainstComputer.nlogo]
[www.cs.uu.nl/docs/vakken/maa/current/netlogo/6.0.1/Replicator dynamic (evolutionary dynamics) - phase space.nlogo]
[www.cs.uu.nl/docs/vakken/maa/current/netlogo/6.0.1/ReplicatorDynamic.nlogo]
[www.cs.uu.nl/docs/vakken/maa/current/netlogo/6.0.1/ReplicatorDynamicBifurcation.nlogo]
[www.cs.uu.nl/docs/vakken/maa/current/netlogo/6.0.1/Satisficing play (1).nlogo]
[www.cs.uu.nl/docs/vakken/maa/current/netlogo/6.0.1/Satisficing play (2).nlogo]
[www.cs.uu.nl/docs/vakken/maa/current/netlogo/6.0.1/Satisficing play (3).nlogo]
[www.cs.uu.nl/docs/vakken/maa/current/netlogo/6.0.1/Simplex tutor (2).nlogo]
[www.cs.uu.nl/docs/vakken/maa/current/netlogo/6.0.1/SlimeBlob.nlogo]
[www.cs.uu.nl/docs/vakken/maa/current/netlogo/6.0.1/SlimeMold.nlogo]
[www.cs.uu.nl/docs/vakken/maa/current/netlogo/6.0.1/SlimeMoldMicro.nlogo]
[www.cs.uu.nl/docs/vakken/maa/current/netlogo/6.0.1/SocialDynamics.nlogo]
[www.cs.uu.nl/docs/vakken/maa/current/netlogo/6.0.1/SoftmaxQuantalResponse.nlogo]
[www.cs.uu.nl/docs/vakken/maa/current/netlogo/6.0.1/SpatialContinuousActions.nlogo]
[www.cs.uu.nl/docs/vakken/maa/current/netlogo/6.0.1/SpatialCoordination.nlogo]
[www.cs.uu.nl/docs/vakken/maa/current/netlogo/6.0.1/TheClimbingGame.nlogo]
[www.cs.uu.nl/docs/vakken/maa/current/netlogo/6.0.1/TournamentEvolutionary.nlogo]
[www.cs.uu.nl/docs/vakken/maa/current/netlogo/6.0.1/UCB1.nlogo]
[www.cs.uu.nl/docs/vakken/maa/current/netlogo-web.html]
[www.cs.uu.nl/docs/vakken/maa/current/slides/MAA_powerdot_Introduction.pdf]
[www.cs.uu.nl/docs/vakken/maa/current/icon-pdf.gif]
[www.cs.uu.nl/docs/vakken/maa/current/page_introduction.html]
[www.cs.uu.nl/docs/vakken/maa/current/slides/MAA_powerdot_BanditAlgorithms.pdf]
[www.cs.uu.nl/docs/vakken/maa/current/page_bandit_algorithms.html]
[www.cs.uu.nl/docs/vakken/maa/current/slides/MAA_powerdot_ReinforcementLearning.pdf]
[www.cs.uu.nl/docs/vakken/maa/current/page_reinforcement_learning.html]
[www.cs.uu.nl/docs/vakken/maa/current/slides/MAA_powerdot_Equilibria.pdf]
[www.cs.uu.nl/docs/vakken/maa/current/page_equilibria.html]
[www.cs.uu.nl/docs/vakken/maa/current/slides/MAA_powerdot_NoRegret.pdf]
[www.cs.uu.nl/docs/vakken/maa/current/page_no_regret.html]
[www.cs.uu.nl/docs/vakken/maa/current/slides/MAA_powerdot_FictitiousPlay.pdf]
[www.cs.uu.nl/docs/vakken/maa/current/page_fictitious_play.html]
[www.cs.uu.nl/docs/vakken/maa/current/slides/MAA_powerdot_GradientDynamics.pdf]
[www.cs.uu.nl/docs/vakken/maa/current/page_gradient_dynamics.html]
[www.cs.uu.nl/docs/vakken/maa/current/slides/MAA_powerdot_BayesianLearning.pdf]
[www.cs.uu.nl/docs/vakken/maa/current/page_bayesian_learning.html]
[www.cs.uu.nl/docs/vakken/maa/current/slides/MAA_powerdot_BachelorAssignment.pdf]
[www.cs.uu.nl/docs/vakken/maa/current/page_bachelor_assignment.html]
[www.cs.uu.nl/docs/vakken/maa/current/slides/MAA_powerdot_ReplicatorDynamic.pdf]
[www.cs.uu.nl/docs/vakken/maa/current/page_replicator_dynamic.html]
[www.cs.uu.nl/docs/vakken/maa/current/slides/MAA_powerdot_Satisficing.pdf]
[www.cs.uu.nl/docs/vakken/maa/current/page_satisficing.html]
[www.cs.uu.nl/docs/vakken/maa/current/slides/MAA_powerdot_TeachAndFollow.pdf]
[www.cs.uu.nl/docs/vakken/maa/current/page_teach_and_follow.html]
[www.cs.uu.nl/docs/vakken/maa/current/slides/MAA_powerdot_Tournament.pdf]
[www.cs.uu.nl/docs/vakken/maa/current/page_tournament.html]
[www.cs.uu.nl/docs/vakken/maa/current/slides/MAA_powerdot_GameTheory.pdf]
[www.cs.uu.nl/docs/vakken/maa/current/page_game_theory.html]
[www.cs.uu.nl/docs/vakken/maa/current/slides/MAA_powerdot_RepeatedGames.pdf]
[www.cs.uu.nl/docs/vakken/maa/current/page_repeated_games.html]
[www.cs.uu.nl/docs/vakken/maa/current/slides/MAA_powerdot_ConditionalNoRegret.pdf]
[www.cs.uu.nl/docs/vakken/maa/current/page_conditional_no_regret.html]
[www.cs.uu.nl/docs/vakken/maa/current/slides/MAA_powerdot_Calibration.pdf]
[www.cs.uu.nl/docs/vakken/maa/current/page_calibration.html]
[www.cs.uu.nl/docs/vakken/maa/current/slides/MAA_powerdot_HypothesisTesting.pdf]
[www.cs.uu.nl/docs/vakken/maa/current/page_hypothesis_testing.html]
[www.cs.uu.nl/docs/vakken/maa/current/page_spatial_evolution.html]
[www.cs.uu.nl/docs/vakken/maa/current/page_MARL.html]
[www.cs.uu.nl/docs/vakken/maa/current/page_stochastic_games.html]
[www.cs.uu.nl/docs/vakken/maa/current/slides/MAA_powerdot_EvolutionaryGames.pdf]
[www.cs.uu.nl/docs/vakken/maa/current/page_evolutionary_games.html]
[www.cs.uu.nl/docs/vakken/maa/current/slides/MAA_powerdot_SocialConventions.pdf]
[www.cs.uu.nl/docs/vakken/maa/current/page_social_conventions.html]
[www.cs.uu.nl/docs/vakken/maa/current/page_methodology.html]
[www.cs.uu.nl/docs/vakken/maa/current/slides/MAA_powerdot_AlifeCellularAutomata.pdf]
[www.cs.uu.nl/docs/vakken/maa/current/page_alife_cellular_automata.html]
[www.cs.uu.nl/docs/vakken/maa/current/slides/MAA_powerdot_CournotDynamics.pdf]
[www.cs.uu.nl/docs/vakken/maa/current/page_cournot_dynamics.html]
[www.cs.uu.nl/docs/vakken/maa/current/page_winstay_loseshift.html]
[www.cs.uu.nl/docs/vakken/maa/current/page_extensive_form.html]
[www.cs.uu.nl/docs/vakken/maa/current/photos/sharp/AerealView.jpg]
[www.cs.uu.nl/docs/vakken/maa/current/photos/AerealView.jpg]
[www.cs.uu.nl/docs/vakken/maa/current/photos/sharp/2PlayersThinking.jpg]
[www.cs.uu.nl/docs/vakken/maa/current/photos/2PlayersThinking.jpg]
[www.cs.uu.nl/docs/vakken/maa/current/photos/sharp/OnePlayerThinking.jpg]
[www.cs.uu.nl/docs/vakken/maa/current/photos/OnePlayerThinking.jpg]
[www.cs.uu.nl/docs/vakken/maa/current/photos/sharp/Overview.jpg]
[www.cs.uu.nl/docs/vakken/maa/current/photos/Overview.jpg]
[www.cs.uu.nl/docs/vakken/maa/current/page_simplified_poker.html]
[www.cs.uu.nl/docs/vakken/maa/current/img/vlieg.gif]
[www.cs.uu.nl/docs/vakken/maa/current/page_ant_colony.html]
[www.cs.uu.nl/docs/vakken/maa/current/page_slime_mold.html]
[www.cs.uu.nl/docs/vakken/maa/current/page_particle_swarm.html]
[www.cs.uu.nl/docs/vakken/maa/current/img/PartitioningST.png]
[www.cs.uu.nl/docs/vakken/maa/current/page_replicator_lyapunov.html]
[www.cs.uu.nl/docs/vakken/maa/current/page_CLRI.html]
[www.cs.uu.nl/docs/vakken/maa/current/page_wiki_games.html]
[www.cs.uu.nl/docs/vakken/maa/current/page_argumentation.html]
[www.cs.uu.nl/docs/vakken/maa/current/page_spatial_adaptation.html]
[www.cs.uu.nl/docs/vakken/maa/current/slides/MAA_powerdot_UncoupledLearning.pdf]
[www.cs.uu.nl/docs/vakken/maa/current/page_uncoupled_learning.html]
[www.cs.uu.nl/docs/vakken/maa/current/img/133557-L.jpg]
[www.cs.uu.nl/docs/vakken/maa/current/img/34jhj4he4gjhg.jpg]
[www.cs.uu.nl/docs/vakken/maa/current/img/975207.jpg]
[www.cs.uu.nl/docs/vakken/maa/current/img/5100ZuQeWPL.jpg]
[www.cs.uu.nl/docs/vakken/maa/current/img/457ds3676dadtrfh2.jpg]
[www.cs.uu.nl/docs/vakken/maa/current/img/897s978d7889.jpg]
[www.cs.uu.nl/docs/vakken/maa/current/img/7466461.jpg]
[www.cs.uu.nl/docs/vakken/maa/current/img/1001004008498653.jpg]
[www.cs.uu.nl/docs/vakken/maa/current/img/312735-L.jpg]
[www.cs.uu.nl/docs/vakken/maa/current/some_books.html]
[www.cs.uu.nl/docs/vakken/maa/current/abbreviations.html]
[www.cs.uu.nl/docs/vakken/maa/current/netlogo-4.html]
[www.cs.uu.nl/docs/vakken/maa/current/netlogo/NetLogoLite.jar]
[www.cs.uu.nl/docs/vakken/maa/current/netlogo/HuntingBugs.nlogo]
[www.cs.uu.nl/docs/vakken/maa/current/netlogo_hunting_bugs.html]
[www.cs.uu.nl/docs/vakken/maa/current/netlogo/GradientDynamics.nlogo]
[www.cs.uu.nl/docs/vakken/maa/current/netlogo_gradient_dynamics.html]
[www.cs.uu.nl/docs/vakken/maa/current/netlogo/UCB.nlogo]
[www.cs.uu.nl/docs/vakken/maa/current/netlogo_ucb.html]
[www.cs.uu.nl/docs/vakken/maa/current/netlogo/LearningRate.nlogo]
[www.cs.uu.nl/docs/vakken/maa/current/netlogo_learning_rate.html]
[www.cs.uu.nl/docs/vakken/maa/current/netlogo/MultiArmedBandit.nlogo]
[www.cs.uu.nl/docs/vakken/maa/current/netlogo_multiarmed_bandit.html]
[www.cs.uu.nl/docs/vakken/maa/current/netlogo/NoRegretLearning.nlogo]
[www.cs.uu.nl/docs/vakken/maa/current/netlogo_no_regret.html]
[www.cs.uu.nl/docs/vakken/maa/current/netlogo/SoftmaxQuantalResponse.nlogo]
[www.cs.uu.nl/docs/vakken/maa/current/netlogo_softmax.html]
[www.cs.uu.nl/docs/vakken/maa/current/netlogo/SlimeBlob.nlogo]
[www.cs.uu.nl/docs/vakken/maa/current/netlogo_fictitious_play.html]
[www.cs.uu.nl/docs/vakken/maa/current/netlogo/BayesianLearning.nlogo]
[www.cs.uu.nl/docs/vakken/maa/current/netlogo_bayesian_learning.html]
[www.cs.uu.nl/docs/vakken/maa/current/netlogo/ReplicatorDynamic.nlogo]
[www.cs.uu.nl/docs/vakken/maa/current/netlogo_replicator_dynamic.html]
[www.cs.uu.nl/docs/vakken/maa/current/netlogo/ReplicatorDynamicBifurcation.nlogo]
[www.cs.uu.nl/docs/vakken/maa/current/netlogo_replicator_dynamic_bifurcation.html]
[www.cs.uu.nl/docs/vakken/maa/current/netlogo/SatisficingPlay.nlogo]
[www.cs.uu.nl/docs/vakken/maa/current/netlogo_satisficing_play.html]
[www.cs.uu.nl/docs/vakken/maa/current/netlogo/RepeatedGameAgainstComputer.nlogo]
[www.cs.uu.nl/docs/vakken/maa/current/netlogo_repeated_game.html]
[www.cs.uu.nl/docs/vakken/maa/current/netlogo/ConditionalNoRegret.nlogo]
[www.cs.uu.nl/docs/vakken/maa/current/netlogo_conditional_no_regret.html]
[www.cs.uu.nl/docs/vakken/maa/current/netlogo/ForecastingandCalibrationFosters.nlogo]
[www.cs.uu.nl/docs/vakken/maa/current/netlogo_forecasting_and_calibration.html]
[www.cs.uu.nl/docs/vakken/maa/current/netlogo/HypothesisTesting.nlogo]
[www.cs.uu.nl/docs/vakken/maa/current/netlogo_hypothesis_testing.html]
[www.cs.uu.nl/docs/vakken/maa/current/netlogo/PDNowakMaySpatial.nlogo]
[www.cs.uu.nl/docs/vakken/maa/current/netlogo_pd_nowak_may_spatial.html]
[www.cs.uu.nl/docs/vakken/maa/current/netlogo/TheClimbingGame.nlogo]
[www.cs.uu.nl/docs/vakken/maa/current/netlogo_climbing_game.html]
[www.cs.uu.nl/docs/vakken/maa/current/netlogo_tournament_evolutionary.html]
[www.cs.uu.nl/docs/vakken/maa/current/netlogo_technology_adoption.html]
[www.cs.uu.nl/docs/vakken/maa/current/netlogo/TournamentEvolutionary.nlogo]
[www.cs.uu.nl/docs/vakken/maa/current/netlogo_social_dynamics.html]
[www.cs.uu.nl/docs/vakken/maa/current/netlogo/SocialDynamics.nlogo]
[www.cs.uu.nl/docs/vakken/maa/current/netlogo_spatial_coordination.html]
[www.cs.uu.nl/docs/vakken/maa/current/stuff/CPD_bibliography.html]
[www.cs.uu.nl/docs/vakken/maa/current/netlogo/SpatialCoordination.nlogo]
[www.cs.uu.nl/docs/vakken/maa/current/netlogo/SpatialContinuousActions.nlogo]
[www.cs.uu.nl/docs/vakken/maa/current/netlogo_spatial_continuous_actions.html]
[www.cs.uu.nl/docs/vakken/maa/current/netlogo/PD Continuous Evolutionary - 3D.nlogo]
[www.cs.uu.nl/docs/vakken/maa/current/netlogo_cournot_dynamics.html]
[www.cs.uu.nl/docs/vakken/maa/current/netlogo/CournotDynamics.nlogo]
[www.cs.uu.nl/docs/vakken/maa/current/netlogo_replicator_lyapunov.html]
[www.cs.uu.nl/docs/vakken/maa/current/netlogo/ReplicatorLyapunov.nlogo]
[www.cs.uu.nl/docs/vakken/maa/current/netlogo_emergence_of_cities.html]
[www.cs.uu.nl/docs/vakken/maa/current/netlogo/EmergenceOfCities.nlogo]
[www.cs.uu.nl/docs/vakken/maa/current/netlogo/PhysarumPolycephalum.nlogo]
[www.cs.uu.nl/docs/vakken/maa/current/netlogo_physarum.html]
[www.cs.uu.nl/docs/vakken/maa/current/img/ReplicatorLyapunov/EvolLyapunov_endresult_15_15.png]
[www.cs.uu.nl/docs/vakken/maa/current/img/ReplicatorLyapunov/EvolLyapunov_periodic_15_15.png]
[www.cs.uu.nl/docs/vakken/maa/current/img/ReplicatorLyapunov/EvolLyapunov_lyapunov_15_15.png]
[www.cs.uu.nl/docs/vakken/maa/current/img/ReplicatorLyapunov/EvolLyapunov_endresult_04_04.png]
[www.cs.uu.nl/docs/vakken/maa/current/img/ReplicatorLyapunov/EvolLyapunov_periodic_04_04.png]
[www.cs.uu.nl/docs/vakken/maa/current/img/ReplicatorLyapunov/EvolLyapunov_lyapunov_04_04.png]
[www.cs.uu.nl/docs/vakken/maa/current/img/ReplicatorLyapunov/EvolLyapunov_endresult_01_01.png]
[www.cs.uu.nl/docs/vakken/maa/current/img/ReplicatorLyapunov/EvolLyapunov_periodic_01_01.png]
[www.cs.uu.nl/docs/vakken/maa/current/netlogo_replicator_lyapunov_more.html]
[www.cs.uu.nl/docs/vakken/maa/current/netlogo_shrinking_blob.html]
[www.cs.uu.nl/docs/vakken/maa/current/img/ReplicatorLyapunov/EvolLyapunov_lyapunov_01_01.png]
[www.cs.uu.nl/docs/vakken/maa/current/netlogo_slime_mold.html]
[www.cs.uu.nl/docs/vakken/maa/current/netlogo/SlimeMold.nlogo]
[www.cs.uu.nl/docs/vakken/maa/current/netlogo/SlimeMoldMicro.nlogo]
[www.cs.uu.nl/docs/vakken/maa/current/netlogo_slime_mold_micro.html]
[www.cs.uu.nl/docs/vakken/maa/current/org/nlogo/lite.Applet.html]
